<html>
<body>
<pre>
<h1>µVision Build Log</h1>
<h2>Project:</h2>
C:\Users\zhang\Desktop\LEDµ„’Û\LED_TIM_ZE_ONE\MDK-ARM\Project.uvproj
Project File Date:  05/15/2017

<h2>Output:</h2>
Build target 'HY-RedBull V3.0'
compiling main.c...
linking...
Program Size: Code=3628 RO-data=336 RW-data=28 ZI-data=1812  
FromELF: creating hex file...
".\Obj\Project.axf" - 0 Error(s), 0 Warning(s).
</pre>
</body>
</html>
g stm32f10x_rcc.c...
compiling stm32f10x_adc.c...
compiling stm32f10x_bkp.c...
compiling stm32f10x_can.c...
compiling stm32f10x_cec.c...
compiling stm32f10x_crc.c...
compiling stm32f10x_dac.c...
compiling stm32f10x_dbgmcu.c...
compiling stm32f10x_dma.c...
compiling stm32f10x_exti.c...
compiling stm32f10x_fsmc.c...
compiling stm32f10x_i2c.c...
compiling stm32f10x_iwdg.c...
compiling stm32f10x_pwr.c...
compiling stm32f10x_rtc.c...
compiling stm32f10x_sdio.c...
compiling stm32f10x_spi.c...
compiling stm32f10x_tim.c...
compiling stm32f10x_usart.c...
compiling stm32f10x_wwdg.c...
compiling core_cm3.c...
compiling system_stm32f10x.c...
assembling startup_stm32f10x_hd.s...
linking...
Program Size: Code=3628 RO-data=336 RW-data=28 ZI-data=1812  
FromELF: creating hex file...
".\Obj\Project.axf" - 0 Error(s), 0 Warning(s).
g...
Program Size: Code=3632 RO-data=336 RW-data=28 ZI-data=1812  
FromELF: creating hex file...
".\Obj\Project.axf" - 0 Error(s), 1 Warning(s).
compiling main.c...
"..\USER\main.c" - 0 Error(s), 0 Warning(s).
